

.dlroW olleH .elif tupni tset si sihT